"  <div class=\"mb-5 p-2\">\n  <div class=\"border-b border-gray-200\">\n    <nav class=\"-mb-px flex space-x-8\" aria-label=\"Tabs\">\n        <a phx-click=\"[[&quot;push&quot;,{&quot;event&quot;:&quot;tab_click&quot;,&quot;target&quot;:1}]]\" phx-value-index=\"0\" class=\"border-indigo-500 text-indigo-600 group inline-flex items-center py-3 px-1 border-b-2 font-medium text-sm cursor-pointer\">\n          Tab 1\n        </a>\n        <a phx-click=\"[[&quot;push&quot;,{&quot;event&quot;:&quot;tab_click&quot;,&quot;target&quot;:1}]]\" phx-value-index=\"1\" class=\"border-transparent text-gray-500 hover:text-gray-700 hover:border-gray-300 group inline-flex items-center py-3 px-1 border-b-2 font-medium text-sm cursor-pointer\">\n          Tab 2\n        </a>\n    </nav>\n  </div>\n  <section class=\"overflow-hidden\">\n      <div>\n      <h1>This is my first tab</h1>\n    </div>\n      <div hidden>\n      <h1>This is my second tab</h1>\n    </div>\n  </section>\n</div>\n"