"    <div>\n      <table class=\"divide-y divide-gray-200 table-fixed min-w-full\">\n    <thead class=\"bg-gray-100\">\n      <tr>\n          <th class=\"w-1/4 text-left font-bold text-gray-900 whitespace-nowrap p-1 md:p-2 text-xs uppercase\">\n          </th>\n          <th class=\"text-right font-medium text-gray-500 p-1 md:p-2 text-xs uppercase\">\n              w\n          </th>\n          <th class=\"text-right font-medium text-gray-500 p-1 md:p-2 text-xs uppercase\">\n              l\n          </th>\n          <th class=\"text-right font-medium text-gray-500 p-1 md:p-2 text-xs uppercase\">\n              pct\n          </th>\n          <th class=\"text-right font-medium text-gray-500 p-1 md:p-2 text-xs uppercase\">\n              gb\n          </th>\n          <th class=\"text-right font-medium text-gray-500 hidden md:table-cell p-1 md:p-2 text-xs uppercase\">\n              strk\n          </th>\n      </tr>\n    </thead>\n    <tbody class=\"bg-white divide-y divide-gray-200\">\n      <tr>\n        <td class=\"w-1/6 p-1 md:p-2 whitespace-nowrap\">\n          <a data-phx-link=\"redirect\" data-phx-link-state=\"push\" href=\"/teams/boston-red-sox\">\n    <div class=\"flex text-sm text-left font-medium text-gray-900\">\n      <div class=\"flex-shrink-0 h-4 lg:h-8 h-4 lg:w-8\">\n        <img class=\"h-4 lg:h-8 w-4 lg:w-8 rounded-full mt-1.5 lg:mt-0\" src=\"/images/logos/boston_red_sox.png\" alt=\"\">\n      </div>\n      <div class=\"ml-2 mt-1\">\n        <div class=\"lg:hidden\">\n          BOS\n        </div>\n        <div class=\"hidden lg:block\">\n          BOS\n        </div>\n      </div>\n    </div>\n  </a>\n        </td><td class=\"text-sm text-gray-500 text-right p-1 md:p-2 whitespace-nowrap\">\n        61\n        </td><td class=\"text-sm text-gray-500 text-right p-1 md:p-2 whitespace-nowrap\">\n        39\n        </td><td class=\"text-sm text-gray-500 text-right p-1 md:p-2 whitespace-nowrap\">\n        .610\n        </td><td class=\"text-sm text-gray-500 text-right p-1 md:p-2 whitespace-nowrap\">\n        0\n        </td><td class=\"text-sm text-gray-500 text-right hidden md:table-cell p-1 md:p-2 whitespace-nowrap\">\n        W5\n        </td>\n      </tr><tr>\n        <td class=\"w-1/6 p-1 md:p-2 whitespace-nowrap\">\n          <a data-phx-link=\"redirect\" data-phx-link-state=\"push\" href=\"/teams/new-york-yankees\">\n    <div class=\"flex text-sm text-left font-medium text-gray-900\">\n      <div class=\"flex-shrink-0 h-4 lg:h-8 h-4 lg:w-8\">\n        <img class=\"h-4 lg:h-8 w-4 lg:w-8 rounded-full mt-1.5 lg:mt-0\" src=\"/images/logos/new_york_yankees.png\" alt=\"\">\n      </div>\n      <div class=\"ml-2 mt-1\">\n        <div class=\"lg:hidden\">\n          NYY\n        </div>\n        <div class=\"hidden lg:block\">\n          NYY\n        </div>\n      </div>\n    </div>\n  </a>\n        </td><td class=\"text-sm text-gray-500 text-right p-1 md:p-2 whitespace-nowrap\">\n        55\n        </td><td class=\"text-sm text-gray-500 text-right p-1 md:p-2 whitespace-nowrap\">\n        45\n        </td><td class=\"text-sm text-gray-500 text-right p-1 md:p-2 whitespace-nowrap\">\n        .550\n        </td><td class=\"text-sm text-gray-500 text-right p-1 md:p-2 whitespace-nowrap\">\n        6.0\n        </td><td class=\"text-sm text-gray-500 text-right hidden md:table-cell p-1 md:p-2 whitespace-nowrap\">\n        W2\n        </td>\n      </tr><tr>\n        <td class=\"w-1/6 p-1 md:p-2 whitespace-nowrap\">\n          <a data-phx-link=\"redirect\" data-phx-link-state=\"push\" href=\"/teams/toronto-blue-jays\">\n    <div class=\"flex text-sm text-left font-medium text-gray-900\">\n      <div class=\"flex-shrink-0 h-4 lg:h-8 h-4 lg:w-8\">\n        <img class=\"h-4 lg:h-8 w-4 lg:w-8 rounded-full mt-1.5 lg:mt-0\" src=\"/images/logos/toronto_blue_jays.png\" alt=\"\">\n      </div>\n      <div class=\"ml-2 mt-1\">\n        <div class=\"lg:hidden\">\n          TOR\n        </div>\n        <div class=\"hidden lg:block\">\n          TOR\n        </div>\n      </div>\n    </div>\n  </a>\n        </td><td class=\"text-sm text-gray-500 text-right p-1 md:p-2 whitespace-nowrap\">\n        50\n        </td><td class=\"text-sm text-gray-500 text-right p-1 md:p-2 whitespace-nowrap\">\n        50\n        </td><td class=\"text-sm text-gray-500 text-right p-1 md:p-2 whitespace-nowrap\">\n        .500\n        </td><td class=\"text-sm text-gray-500 text-right p-1 md:p-2 whitespace-nowrap\">\n        11.0\n        </td><td class=\"text-sm text-gray-500 text-right hidden md:table-cell p-1 md:p-2 whitespace-nowrap\">\n        L2\n        </td>\n      </tr>\n    </tbody>\n  </table>\n  </div>\n"