"<div phx-hook=\"WindowResize\" phx-target=\"1\" class=\"rounded-lg md:rounded-2xl p-2 md:p-4 flex bg-white overflow-hidden gap-8 flex-wrap border flex-col justify-between\">\n  <div class=\"bg-gray-50 pb-2 border-b border-gray-200 grow\">\n  <h3 class=\"text-lg p-2 font-medium text-gray-900\">\n    Organization\n  </h3>\n</div>\n  <ul role=\"list\" class=\"divide-y divide-gray-200\">\n      <li class=\"py-2 md:py-4 flex justify-between relative\">\n        <div class=\"flex gap-2 md:gap-4 items-center mr-2 md:mr-4\">\n          <img class=\"h-6 md:h-10 w-6 md:w-10 rounded-full\" src=\"/images/logos/pawtucket_red_sox.png\" alt=\"\">\n          <div>\n            <a class=\"text-base text-left text-gray-900\" data-phx-link=\"redirect\" data-phx-link-state=\"push\" href=\"/teams/pawtucket-red-sox\">\n              Pawtucket Red Sox\n            </a>\n            <div class=\"text-base text-left text-gray-900\">AAA</div>\n          </div>\n        </div>\n        <div class=\"flex flex-col\">\n          <div class=\"text-lg md:text-2xl text-gray-700 whitespace-nowrap\">60-40</div>\n          <div class=\"text-xs md:text-sm text-right text-gray-500 uppercase\">0.0 GB</div>\n        </div>\n      </li>\n      <li class=\"py-2 md:py-4 flex justify-between relative\">\n        <div class=\"flex gap-2 md:gap-4 items-center mr-2 md:mr-4\">\n          <img class=\"h-6 md:h-10 w-6 md:w-10 rounded-full\" src=\"/images/logos/portland_sea_dogs.png\" alt=\"\">\n          <div>\n            <a class=\"text-base text-left text-gray-900\" data-phx-link=\"redirect\" data-phx-link-state=\"push\" href=\"/teams/portland-sea-dogs\">\n              Portland Sea Dogs\n            </a>\n            <div class=\"text-base text-left text-gray-900\">AA</div>\n          </div>\n        </div>\n        <div class=\"flex flex-col\">\n          <div class=\"text-lg md:text-2xl text-gray-700 whitespace-nowrap\">54-38</div>\n          <div class=\"text-xs md:text-sm text-right text-gray-500 uppercase\">3.0 GB</div>\n        </div>\n      </li>\n      <li class=\"py-2 md:py-4 flex justify-between relative\">\n        <div class=\"flex gap-2 md:gap-4 items-center mr-2 md:mr-4\">\n          <img class=\"h-6 md:h-10 w-6 md:w-10 rounded-full\" src=\"/images/logos/greenville_drive.png\" alt=\"\">\n          <div>\n            <a class=\"text-base text-left text-gray-900\" data-phx-link=\"redirect\" data-phx-link-state=\"push\" href=\"/teams/greenville-drive\">\n              Greenville Drive\n            </a>\n            <div class=\"text-base text-left text-gray-900\">A</div>\n          </div>\n        </div>\n        <div class=\"flex flex-col\">\n          <div class=\"text-lg md:text-2xl text-gray-700 whitespace-nowrap\">42-46</div>\n          <div class=\"text-xs md:text-sm text-right text-gray-500 uppercase\">5.5 GB</div>\n        </div>\n      </li>\n      <li class=\"py-2 md:py-4 flex justify-between relative\">\n        <div class=\"flex gap-2 md:gap-4 items-center mr-2 md:mr-4\">\n          <img class=\"h-6 md:h-10 w-6 md:w-10 rounded-full\" src=\"/images/logos/lowell_spinners.png\" alt=\"\">\n          <div>\n            <a class=\"text-base text-left text-gray-900\" data-phx-link=\"redirect\" data-phx-link-state=\"push\" href=\"/teams/lowell-spinners\">\n              Lowell Spinners\n            </a>\n            <div class=\"text-base text-left text-gray-900\">A-</div>\n          </div>\n        </div>\n        <div class=\"flex flex-col\">\n          <div class=\"text-lg md:text-2xl text-gray-700 whitespace-nowrap\">30-45</div>\n          <div class=\"text-xs md:text-sm text-right text-gray-500 uppercase\">15.5 GB</div>\n        </div>\n      </li>\n      <li class=\"py-2 md:py-4 flex justify-between relative\">\n        <div class=\"flex gap-2 md:gap-4 items-center mr-2 md:mr-4\">\n          <img class=\"h-6 md:h-10 w-6 md:w-10 rounded-full\" src=\"/images/logos/fort_myers_red_sox.png\" alt=\"\">\n          <div>\n            <a class=\"text-base text-left text-gray-900\" data-phx-link=\"redirect\" data-phx-link-state=\"push\" href=\"/teams/fort-myers-red-sox\">\n              Fort Myers Red Sox\n            </a>\n            <div class=\"text-base text-left text-gray-900\">R</div>\n          </div>\n        </div>\n        <div class=\"flex flex-col\">\n          <div class=\"text-lg md:text-2xl text-gray-700 whitespace-nowrap\">35-15</div>\n          <div class=\"text-xs md:text-sm text-right text-gray-500 uppercase\">0.0 GB</div>\n        </div>\n      </li>\n  </ul>\n</div>\n"