"    <div class=\"bg-white overflow-hidden shadow rounded-lg divide-y divide-gray-200 p-4\">\n      <div class=\"bg-gray-50 pb-2 border-b border-gray-200\">\n    <h3 class=\"text-lg p-2 font-medium text-gray-900\">\n      Team Leaders\n    </h3>\n  </div>\n    <div class=\"mb-4\">\n  <div class=\"border-b border-gray-200\">\n    <nav class=\"-mb-px flex space-x-8\" aria-label=\"Tabs\">\n        <a phx-click=\"tab_click\" phx-target=\"2\" phx-value-index=\"0\" class=\"border-indigo-500 text-indigo-600 group inline-flex items-center py-3 px-1 border-b-2 font-medium text-sm cursor-pointer\">\n          Hitting\n        </a>\n        <a phx-click=\"tab_click\" phx-target=\"2\" phx-value-index=\"1\" class=\"border-transparent text-gray-500 hover:text-gray-700 hover:border-gray-300 group inline-flex items-center py-3 px-1 border-b-2 font-medium text-sm cursor-pointer\">\n          Pitching\n        </a>\n    </nav>\n  </div>\n  <section class=\"overflow-hidden\">\n      <div>\n          <ul class=\"pt-4 border-b\">\n        <li class=\"flex flex-col flex-grow border-b last:border-none py-2 relative\">\n    <div class=\"text-sm text-gray-700 capitalize\">Batting average</div>\n    <div class=\"flex justify-between\">\n      <div class=\"my-1 text-base text-gray-700\">B. Bonds</div>\n      <div class=\"absolute top-5 right-0 text-lg md:text-2xl text-gray-900\">.342</div>\n    </div>\n    <div class=\"flex justify-between\">\n      <div class=\"text-xs md:text-sm text-gray-500 uppercase\">LF</div>\n      <div class=\"text-xs md:text-sm text-gray-500 uppercase\">avg</div>\n    </div>\n  </li>\n        <li class=\"flex flex-col flex-grow border-b last:border-none py-2 relative\">\n    <div class=\"text-sm text-gray-700 capitalize\">Home runs</div>\n    <div class=\"flex justify-between\">\n      <div class=\"my-1 text-base text-gray-700\">B. Ruth</div>\n      <div class=\"absolute top-5 right-0 text-lg md:text-2xl text-gray-900\">55</div>\n    </div>\n    <div class=\"flex justify-between\">\n      <div class=\"text-xs md:text-sm text-gray-500 uppercase\">RF</div>\n      <div class=\"text-xs md:text-sm text-gray-500 uppercase\">hr</div>\n    </div>\n  </li>\n        <li class=\"flex flex-col flex-grow border-b last:border-none py-2 relative\">\n    <div class=\"text-sm text-gray-700 capitalize\">Runs batted in</div>\n    <div class=\"flex justify-between\">\n      <div class=\"my-1 text-base text-gray-700\">B. Ruth</div>\n      <div class=\"absolute top-5 right-0 text-lg md:text-2xl text-gray-900\">180</div>\n    </div>\n    <div class=\"flex justify-between\">\n      <div class=\"text-xs md:text-sm text-gray-500 uppercase\">RF</div>\n      <div class=\"text-xs md:text-sm text-gray-500 uppercase\">rbi</div>\n    </div>\n  </li>\n        <li class=\"flex flex-col flex-grow border-b last:border-none py-2 relative\">\n    <div class=\"text-sm text-gray-700 capitalize\">Runs</div>\n    <div class=\"flex justify-between\">\n      <div class=\"my-1 text-base text-gray-700\">B. Bonds</div>\n      <div class=\"absolute top-5 right-0 text-lg md:text-2xl text-gray-900\">150</div>\n    </div>\n    <div class=\"flex justify-between\">\n      <div class=\"text-xs md:text-sm text-gray-500 uppercase\">LF</div>\n      <div class=\"text-xs md:text-sm text-gray-500 uppercase\">r</div>\n    </div>\n  </li>\n        <li class=\"flex flex-col flex-grow border-b last:border-none py-2 relative\">\n    <div class=\"text-sm text-gray-700 capitalize\">Stolen bases</div>\n    <div class=\"flex justify-between\">\n      <div class=\"my-1 text-base text-gray-700\">B. Bonds</div>\n      <div class=\"absolute top-5 right-0 text-lg md:text-2xl text-gray-900\">20</div>\n    </div>\n    <div class=\"flex justify-between\">\n      <div class=\"text-xs md:text-sm text-gray-500 uppercase\">LF</div>\n      <div class=\"text-xs md:text-sm text-gray-500 uppercase\">sb</div>\n    </div>\n  </li>\n  </ul>\n    </div>\n      <div hidden>\n          <ul class=\"pt-4 border-b\">\n        <li class=\"flex flex-col flex-grow border-b last:border-none py-2 relative\">\n    <div class=\"text-sm text-gray-700 capitalize\">Wins</div>\n    <div class=\"flex justify-between\">\n      <div class=\"my-1 text-base text-gray-700\">C. Kimbrel</div>\n      <div class=\"absolute top-5 right-0 text-lg md:text-2xl text-gray-900\">10</div>\n    </div>\n    <div class=\"flex justify-between\">\n      <div class=\"text-xs md:text-sm text-gray-500 uppercase\">MR</div>\n      <div class=\"text-xs md:text-sm text-gray-500 uppercase\">w</div>\n    </div>\n  </li>\n        <li class=\"flex flex-col flex-grow border-b last:border-none py-2 relative\">\n    <div class=\"text-sm text-gray-700 capitalize\">Saves</div>\n    <div class=\"flex justify-between\">\n      <div class=\"my-1 text-base text-gray-700\">T. Hoffman</div>\n      <div class=\"absolute top-5 right-0 text-lg md:text-2xl text-gray-900\">50</div>\n    </div>\n    <div class=\"flex justify-between\">\n      <div class=\"text-xs md:text-sm text-gray-500 uppercase\">CL</div>\n      <div class=\"text-xs md:text-sm text-gray-500 uppercase\">s</div>\n    </div>\n  </li>\n        <li class=\"flex flex-col flex-grow border-b last:border-none py-2 relative\">\n    <div class=\"text-sm text-gray-700 capitalize\">Earned run average</div>\n    <div class=\"flex justify-between\">\n      <div class=\"my-1 text-base text-gray-700\">R. Beck</div>\n      <div class=\"absolute top-5 right-0 text-lg md:text-2xl text-gray-900\">4.450</div>\n    </div>\n    <div class=\"flex justify-between\">\n      <div class=\"text-xs md:text-sm text-gray-500 uppercase\">MR</div>\n      <div class=\"text-xs md:text-sm text-gray-500 uppercase\">era</div>\n    </div>\n  </li>\n        <li class=\"flex flex-col flex-grow border-b last:border-none py-2 relative\">\n    <div class=\"text-sm text-gray-700 capitalize\">Strikeouts</div>\n    <div class=\"flex justify-between\">\n      <div class=\"my-1 text-base text-gray-700\">J. Papelbon</div>\n      <div class=\"absolute top-5 right-0 text-lg md:text-2xl text-gray-900\">100</div>\n    </div>\n    <div class=\"flex justify-between\">\n      <div class=\"text-xs md:text-sm text-gray-500 uppercase\">CL</div>\n      <div class=\"text-xs md:text-sm text-gray-500 uppercase\">k</div>\n    </div>\n  </li>\n        <li class=\"flex flex-col flex-grow border-b last:border-none py-2 relative\">\n    <div class=\"text-sm text-gray-700 capitalize\">Walks hits per inning pitched</div>\n    <div class=\"flex justify-between\">\n      <div class=\"my-1 text-base text-gray-700\">J. Papelbon</div>\n      <div class=\"absolute top-5 right-0 text-lg md:text-2xl text-gray-900\">1.730</div>\n    </div>\n    <div class=\"flex justify-between\">\n      <div class=\"text-xs md:text-sm text-gray-500 uppercase\">CL</div>\n      <div class=\"text-xs md:text-sm text-gray-500 uppercase\"></div>\n    </div>\n  </li>\n  </ul>\n    </div>\n  </section>\n</div>\n    <a class=\"border-none\" data-phx-link=\"redirect\" data-phx-link-state=\"push\" href=\"#\">Sortable Stats</a>\n  </div>\n"