"      <div phx-hook=\"WindowResize\" class=\"rounded-lg md:rounded-2xl p-2 md:p-4 flex bg-white overflow-hidden flex-wrap border justify-between items-center\">\n    <div class=\"flex gap-1 md:gap-2\">\n      <img class=\"h-16 w-16 md:h-28 md:w-28 rounded-full md:mt-2\" src=\"/images/default_player_photo.jpg\" alt=\"\">\n      <div class=\"flex flex-wrap items-center md:divide-x gap-2 md:gap-4\">\n        <div class=\"flex flex-col gap-1 md:gap-2\">\n          <h1 class=\"text-2xl md:text-4xl font-medium text-gray-900\">Babe Ruth</h1>\n          <div class=\"flex flex-row items-center gap-1 md:gap-2 text-base md:text-lg font-medium text-gray-900\">\n            <a class=\"contents\" data-phx-link=\"redirect\" data-phx-link-state=\"push\" href=\"/teams/boston-red-sox\">\n                <div class=\"flex-shrink-0 h-6 md:h-8 h-6 md:w-8\">\n                  <img class=\"h-6 md:h-8 w-6 md:w-8 rounded-full\" src=\"/images/logos/boston_red_sox.png\" alt=\"\">\n                </div>\n                <div class=\"block sm:hidden\">TT</div>\n                <div class=\"hidden sm:block\">Boston</div>\n            </a>\n            <div>#3</div>\n            <div>LF</div>\n          </div>\n        </div>\n          <dl class=\"hidden lg:block pl-4\">\n    <div class=\"grid grid-cols-3 gap-1 p-0.5\">\n      <dt class=\"text-sm font-medium text-gray-500\">\n        HT/WT:\n      </dt>\n      <dd class=\"text-sm tracking-wider text-gray-900 col-span-2\">\n        6&#39; 1&quot;/205 lbs\n      </dd>\n    </div>\n    <div class=\"grid grid-cols-3 gap-1 p-0.5\">\n      <dt class=\"text-sm font-medium text-gray-500\">\n        DOB:\n      </dt>\n      <dd class=\"text-sm tracking-wider text-gray-900 col-span-2\">\n        10/11/1983 (39)\n      </dd>\n    </div>\n    <div class=\"grid grid-cols-3 gap-1 p-0.5\">\n      <dt class=\"text-sm tracking-wider font-medium text-gray-500\">\n        B/T\n      </dt>\n      <dd class=\"text-sm tracking-wider text-gray-900 col-span-2\">\n        Left/Right\n      </dd>\n    </div>\n  </dl>\n      </div>\n    </div>\n      <svg style=\"width: 0; height: 0; position: absolute\" aria-hidden=\"true\" focusable=\"false\">\n    <defs>\n      <linearGradient id=\"abilityGradient\">\n          <stop offset=\"55%\" stop-color=\"rgb(250, 204, 21)\"></stop>\n          <stop offset=\"45%\" stop-color=\"rgb(249, 250, 251)\"></stop>\n      </linearGradient>\n      <linearGradient id=\"abilityToTalentGradient\">\n          <stop offset=\"55%\" stop-color=\"rgb(250, 204, 21)\"></stop>\n          <stop offset=\"45%\" stop-color=\"rgb(161, 161, 170)\"></stop>\n      </linearGradient>\n      <linearGradient id=\"talentGradient\">\n          <stop offset=\"55%\" stop-color=\"rgb(161, 161, 170)\"></stop>\n          <stop offset=\"45%\" stop-color=\"rgb(249, 250, 251)\"></stop>\n      </linearGradient>\n    </defs>\n  </svg>\n  <ul class=\"flex bg-gray-50 shadow p-2 md:p-4 rounded-lg m-auto md:m-0\">\n      <li>  <svg xmlns=\"http://www.w3.org/2000/svg\" class=\"h-6 sm:h-10 w-6 sm:w-10 fill-yellow-400\" viewBox=\"0 0 20 20\">\n    <path d=\"M9.049 2.927c.3-.921 1.603-.921 1.902 0l1.07 3.292a1 1 0 00.95.69h3.462c.969 0 1.371 1.24.588 1.81l-2.8 2.034a1 1 0 00-.364 1.118l1.07 3.292c.3.921-.755 1.688-1.54 1.118l-2.8-2.034a1 1 0 00-1.175 0l-2.8 2.034c-.784.57-1.838-.197-1.539-1.118l1.07-3.292a1 1 0 00-.364-1.118L2.98 8.72c-.783-.57-.38-1.81.588-1.81h3.461a1 1 0 00.951-.69l1.07-3.292z\"></path>\n  </svg>\n</li>\n      <li>  <svg xmlns=\"http://www.w3.org/2000/svg\" class=\"h-6 sm:h-10 w-6 sm:w-10 fill-yellow-400\" viewBox=\"0 0 20 20\">\n    <path d=\"M9.049 2.927c.3-.921 1.603-.921 1.902 0l1.07 3.292a1 1 0 00.95.69h3.462c.969 0 1.371 1.24.588 1.81l-2.8 2.034a1 1 0 00-.364 1.118l1.07 3.292c.3.921-.755 1.688-1.54 1.118l-2.8-2.034a1 1 0 00-1.175 0l-2.8 2.034c-.784.57-1.838-.197-1.539-1.118l1.07-3.292a1 1 0 00-.364-1.118L2.98 8.72c-.783-.57-.38-1.81.588-1.81h3.461a1 1 0 00.951-.69l1.07-3.292z\"></path>\n  </svg>\n</li>\n      <li>  <svg xmlns=\"http://www.w3.org/2000/svg\" class=\"h-6 sm:h-10 w-6 sm:w-10 fill-yellow-400\" viewBox=\"0 0 20 20\">\n    <path d=\"M9.049 2.927c.3-.921 1.603-.921 1.902 0l1.07 3.292a1 1 0 00.95.69h3.462c.969 0 1.371 1.24.588 1.81l-2.8 2.034a1 1 0 00-.364 1.118l1.07 3.292c.3.921-.755 1.688-1.54 1.118l-2.8-2.034a1 1 0 00-1.175 0l-2.8 2.034c-.784.57-1.838-.197-1.539-1.118l1.07-3.292a1 1 0 00-.364-1.118L2.98 8.72c-.783-.57-.38-1.81.588-1.81h3.461a1 1 0 00.951-.69l1.07-3.292z\"></path>\n  </svg>\n</li>\n      <li>  <svg xmlns=\"http://www.w3.org/2000/svg\" class=\"h-6 sm:h-10 w-6 sm:w-10 fill-yellow-400\" viewBox=\"0 0 20 20\">\n    <path d=\"M9.049 2.927c.3-.921 1.603-.921 1.902 0l1.07 3.292a1 1 0 00.95.69h3.462c.969 0 1.371 1.24.588 1.81l-2.8 2.034a1 1 0 00-.364 1.118l1.07 3.292c.3.921-.755 1.688-1.54 1.118l-2.8-2.034a1 1 0 00-1.175 0l-2.8 2.034c-.784.57-1.838-.197-1.539-1.118l1.07-3.292a1 1 0 00-.364-1.118L2.98 8.72c-.783-.57-.38-1.81.588-1.81h3.461a1 1 0 00.951-.69l1.07-3.292z\"></path>\n  </svg>\n</li>\n  </ul>\n  </div>\n"