"      <div phx-hook=\"WindowResize\" phx-target=\"1\" class=\"rounded-lg md:rounded-2xl p-2 md:p-4 flex bg-white overflow-hidden flex-wrap border justify-between items-center\">\n        <table class=\"divide-y divide-gray-200 table-fixed min-w-full\">\n    <thead class=\"bg-gray-100\">\n      <tr>\n          <th class=\"text-left p-1 md:p-2 uppercase font-medium text-left\">\n          </th>\n          <th class=\"p-1 md:p-2 uppercase font-medium text-left\">\n              Ability\n          </th>\n          <th class=\"p-1 md:p-2 uppercase font-medium text-left\">\n              Vs Left\n          </th>\n          <th class=\"hidden md:table-cell p-1 md:p-2 uppercase font-medium text-left\">\n              Vs Right\n          </th>\n          <th class=\"hidden md:table-cell p-1 md:p-2 uppercase font-medium text-left\">\n              Talent\n          </th>\n      </tr>\n    </thead>\n    <tbody class=\"bg-white divide-y divide-gray-200\">\n      <tr>\n        <td class=\"text-left p-1 md:p-2 whitespace-nowrap\">\n      Avoid Ks\n        </td><td class=\"p-1 md:p-2 whitespace-nowrap\">\n        <div class=\"bg-rating-4 w-4/20 pl-2 text-large text-gray-700 text-left\">2</div>\n        </td><td class=\"p-1 md:p-2 whitespace-nowrap\">\n        <div class=\"bg-rating-4 w-4/20 pl-2 text-large text-gray-700 text-left\">2</div>\n        </td><td class=\"hidden md:table-cell p-1 md:p-2 whitespace-nowrap\">\n        <div class=\"bg-rating-4 w-4/20 pl-2 text-large text-gray-700 text-left\">2</div>\n        </td><td class=\"hidden md:table-cell p-1 md:p-2 whitespace-nowrap\">\n        <div class=\"bg-rating-4 w-4/20 pl-2 text-large text-gray-700 text-left\">2</div>\n        </td>\n      </tr><tr>\n        <td class=\"text-left p-1 md:p-2 whitespace-nowrap\">\n      Eye\n        </td><td class=\"p-1 md:p-2 whitespace-nowrap\">\n        <div class=\"bg-rating-8 w-8/20 pl-2 text-large text-gray-700 text-left\">4</div>\n        </td><td class=\"p-1 md:p-2 whitespace-nowrap\">\n        <div class=\"bg-rating-8 w-8/20 pl-2 text-large text-gray-700 text-left\">4</div>\n        </td><td class=\"hidden md:table-cell p-1 md:p-2 whitespace-nowrap\">\n        <div class=\"bg-rating-8 w-8/20 pl-2 text-large text-gray-700 text-left\">4</div>\n        </td><td class=\"hidden md:table-cell p-1 md:p-2 whitespace-nowrap\">\n        <div class=\"bg-rating-8 w-8/20 pl-2 text-large text-gray-700 text-left\">4</div>\n        </td>\n      </tr><tr>\n        <td class=\"text-left p-1 md:p-2 whitespace-nowrap\">\n      Power\n        </td><td class=\"p-1 md:p-2 whitespace-nowrap\">\n        <div class=\"bg-rating-18 w-18/20 pl-2 text-large text-gray-700 text-left\">9</div>\n        </td><td class=\"p-1 md:p-2 whitespace-nowrap\">\n        <div class=\"bg-rating-18 w-18/20 pl-2 text-large text-gray-700 text-left\">9</div>\n        </td><td class=\"hidden md:table-cell p-1 md:p-2 whitespace-nowrap\">\n        <div class=\"bg-rating-18 w-18/20 pl-2 text-large text-gray-700 text-left\">9</div>\n        </td><td class=\"hidden md:table-cell p-1 md:p-2 whitespace-nowrap\">\n        <div class=\"bg-rating-18 w-18/20 pl-2 text-large text-gray-700 text-left\">9</div>\n        </td>\n      </tr><tr>\n        <td class=\"text-left p-1 md:p-2 whitespace-nowrap\">\n      Gap\n        </td><td class=\"p-1 md:p-2 whitespace-nowrap\">\n        <div class=\"bg-rating-14 w-14/20 pl-2 text-large text-gray-700 text-left\">7</div>\n        </td><td class=\"p-1 md:p-2 whitespace-nowrap\">\n        <div class=\"bg-rating-14 w-14/20 pl-2 text-large text-gray-700 text-left\">7</div>\n        </td><td class=\"hidden md:table-cell p-1 md:p-2 whitespace-nowrap\">\n        <div class=\"bg-rating-14 w-14/20 pl-2 text-large text-gray-700 text-left\">7</div>\n        </td><td class=\"hidden md:table-cell p-1 md:p-2 whitespace-nowrap\">\n        <div class=\"bg-rating-14 w-14/20 pl-2 text-large text-gray-700 text-left\">7</div>\n        </td>\n      </tr><tr>\n        <td class=\"text-left p-1 md:p-2 whitespace-nowrap\">\n      Contact\n        </td><td class=\"p-1 md:p-2 whitespace-nowrap\">\n        <div class=\"bg-rating-16 w-16/20 pl-2 text-large text-gray-700 text-left\">8</div>\n        </td><td class=\"p-1 md:p-2 whitespace-nowrap\">\n        <div class=\"bg-rating-16 w-16/20 pl-2 text-large text-gray-700 text-left\">8</div>\n        </td><td class=\"hidden md:table-cell p-1 md:p-2 whitespace-nowrap\">\n        <div class=\"bg-rating-16 w-16/20 pl-2 text-large text-gray-700 text-left\">8</div>\n        </td><td class=\"hidden md:table-cell p-1 md:p-2 whitespace-nowrap\">\n        <div class=\"bg-rating-16 w-16/20 pl-2 text-large text-gray-700 text-left\">8</div>\n        </td>\n      </tr>\n    </tbody>\n  </table>\n  </div>\n"