"      <div phx-hook=\"WindowResize\" phx-target=\"1\" class=\"rounded-lg md:rounded-2xl p-2 md:p-4 flex bg-white overflow-hidden flex-wrap border justify-between items-center\">\n      <table class=\"divide-y divide-gray-200 table-fixed min-w-full\">\n    <thead class=\"bg-gray-100\">\n      <tr>\n          <th class=\"text-right p-1 md:p-2 uppercase font-medium text-left\">\n          </th>\n          <th class=\"p-1 md:p-2 uppercase font-medium text-left\">\n              Ability\n          </th>\n          <th class=\"p-1 md:p-2 uppercase font-medium text-left\">\n              Vs Left\n          </th>\n          <th class=\"hidden md:table-cell p-1 md:p-2 uppercase font-medium text-left\">\n              Vs Right\n          </th>\n          <th class=\"hidden md:table-cell p-1 md:p-2 uppercase font-medium text-left\">\n              Talent\n          </th>\n      </tr>\n    </thead>\n    <tbody class=\"bg-white divide-y divide-gray-200\">\n    </tbody>\n  </table>\n  </div>\n"