"    <ul class=\"pt-4 border-b\">\n        <li class=\"flex flex-col flex-grow border-b last:border-none py-2 relative\">\n    <div class=\"text-xs text-gray-700 capitalize\">Home runs</div>\n    <div class=\"flex justify-between\">\n      <div class=\"my-1 text-base text-gray-700\">B. Ruth</div>\n      <div class=\"absolute top-5 right-0 text-2xl text-gray-900\">55</div>\n    </div>\n    <div class=\"flex justify-between\">\n      <div class=\"text-xs text-gray-500 uppercase\">RF</div>\n      <div class=\"text-xs text-gray-500 uppercase\">hr</div>\n    </div>\n  </li>\n        <li class=\"flex flex-col flex-grow border-b last:border-none py-2 relative\">\n    <div class=\"text-xs text-gray-700 capitalize\">Runs batted in</div>\n    <div class=\"flex justify-between\">\n      <div class=\"my-1 text-base text-gray-700\">B. Ruth</div>\n      <div class=\"absolute top-5 right-0 text-2xl text-gray-900\">180</div>\n    </div>\n    <div class=\"flex justify-between\">\n      <div class=\"text-xs text-gray-500 uppercase\">RF</div>\n      <div class=\"text-xs text-gray-500 uppercase\">rbi</div>\n    </div>\n  </li>\n        <li class=\"flex flex-col flex-grow border-b last:border-none py-2 relative\">\n    <div class=\"text-xs text-gray-700 capitalize\">Runs</div>\n    <div class=\"flex justify-between\">\n      <div class=\"my-1 text-base text-gray-700\">B. Bonds</div>\n      <div class=\"absolute top-5 right-0 text-2xl text-gray-900\">150</div>\n    </div>\n    <div class=\"flex justify-between\">\n      <div class=\"text-xs text-gray-500 uppercase\">LF</div>\n      <div class=\"text-xs text-gray-500 uppercase\">r</div>\n    </div>\n  </li>\n        <li class=\"flex flex-col flex-grow border-b last:border-none py-2 relative\">\n    <div class=\"text-xs text-gray-700 capitalize\">Batting average</div>\n    <div class=\"flex justify-between\">\n      <div class=\"my-1 text-base text-gray-700\">B. Bonds</div>\n      <div class=\"absolute top-5 right-0 text-2xl text-gray-900\">.342</div>\n    </div>\n    <div class=\"flex justify-between\">\n      <div class=\"text-xs text-gray-500 uppercase\">LF</div>\n      <div class=\"text-xs text-gray-500 uppercase\">avg</div>\n    </div>\n  </li>\n  </ul>\n"