"<div class=\"flex flex-col flex-none bg-white border border-gray-200 p-2 rounded-lg w-32 shadow\">\n  <div class=\"flex\">\n  <img class=\"h-5 w-5\" src=\"/images/logos/away_team.png\" alt=\"\">\n  <h4 class=\"text-sm tracking-tighter mx-1\">AT</h4>\n  <h5 class=\"flex-grow flex-shrink-0 text-xs text-gray-400 text-right ml-2\">2</h5>\n</div>\n  <div class=\"flex\">\n  <img class=\"h-5 w-5\" src=\"/images/logos/home_team.png\" alt=\"\">\n  <h4 class=\"text-sm tracking-tighter mx-1\">HT</h4>\n  <h5 class=\"flex-grow flex-shrink-0 text-xs text-gray-400 text-right ml-2\">4</h5>\n</div>\n  <hr class=\"my-2\">\n  <div class=\"text-xs text-gray-500 tracking-tighter px-0.5\">\n    <dl>\n  <div class=\"flex\">\n    <dt class=\"text-xs\">W:</dt>\n    <dd class=\"flex-grow text-xs text-right\">W. Pitcher</dd>\n  </div>\n  <div class=\"flex\">\n    <dt class=\"text-xs\">L:</dt>\n    <dd class=\"flex-grow text-right text-xs\">L. Pitcher</dd>\n  </div>\n    <div class=\"flex\">\n      <dt class=\"text-xs\">S:</dt>\n      <dd class=\"flex-grow text-right text-xs\">S. Pitcher</dd>\n    </div>\n</dl>\n  </div>\n</div>\n"