"    <svg style=\"width: 0; height: 0; position: absolute\" aria-hidden=\"true\" focusable=\"false\">\n    <defs>\n      <linearGradient id=\"abilityGradient\">\n          <stop offset=\"55%\" stop-color=\"rgb(250, 204, 21)\"></stop>\n          <stop offset=\"45%\" stop-color=\"rgb(249, 250, 251)\"></stop>\n      </linearGradient>\n      <linearGradient id=\"abilityToTalentGradient\">\n          <stop offset=\"55%\" stop-color=\"rgb(250, 204, 21)\"></stop>\n          <stop offset=\"45%\" stop-color=\"rgb(161, 161, 170)\"></stop>\n      </linearGradient>\n      <linearGradient id=\"talentGradient\">\n          <stop offset=\"55%\" stop-color=\"rgb(161, 161, 170)\"></stop>\n          <stop offset=\"45%\" stop-color=\"rgb(249, 250, 251)\"></stop>\n      </linearGradient>\n    </defs>\n  </svg>\n  <ul class=\"flex bg-gray-50 shadow p-2 md:p-4 rounded-lg\">\n      <li>  <svg xmlns=\"http://www.w3.org/2000/svg\" class=\"h-6 sm:h-10 w-6 sm:w-10 fill-yellow-400\" viewBox=\"0 0 20 20\">\n    <path d=\"M9.049 2.927c.3-.921 1.603-.921 1.902 0l1.07 3.292a1 1 0 00.95.69h3.462c.969 0 1.371 1.24.588 1.81l-2.8 2.034a1 1 0 00-.364 1.118l1.07 3.292c.3.921-.755 1.688-1.54 1.118l-2.8-2.034a1 1 0 00-1.175 0l-2.8 2.034c-.784.57-1.838-.197-1.539-1.118l1.07-3.292a1 1 0 00-.364-1.118L2.98 8.72c-.783-.57-.38-1.81.588-1.81h3.461a1 1 0 00.951-.69l1.07-3.292z\"></path>\n  </svg>\n</li>\n      <li>  <svg xmlns=\"http://www.w3.org/2000/svg\" class=\"h-6 sm:h-10 w-6 sm:w-10 fill-yellow-400\" viewBox=\"0 0 20 20\">\n    <path d=\"M9.049 2.927c.3-.921 1.603-.921 1.902 0l1.07 3.292a1 1 0 00.95.69h3.462c.969 0 1.371 1.24.588 1.81l-2.8 2.034a1 1 0 00-.364 1.118l1.07 3.292c.3.921-.755 1.688-1.54 1.118l-2.8-2.034a1 1 0 00-1.175 0l-2.8 2.034c-.784.57-1.838-.197-1.539-1.118l1.07-3.292a1 1 0 00-.364-1.118L2.98 8.72c-.783-.57-.38-1.81.588-1.81h3.461a1 1 0 00.951-.69l1.07-3.292z\"></path>\n  </svg>\n</li>\n      <li>  <svg xmlns=\"http://www.w3.org/2000/svg\" class=\"h-6 sm:h-10 w-6 sm:w-10 fill-yellow-400\" viewBox=\"0 0 20 20\">\n    <path d=\"M9.049 2.927c.3-.921 1.603-.921 1.902 0l1.07 3.292a1 1 0 00.95.69h3.462c.969 0 1.371 1.24.588 1.81l-2.8 2.034a1 1 0 00-.364 1.118l1.07 3.292c.3.921-.755 1.688-1.54 1.118l-2.8-2.034a1 1 0 00-1.175 0l-2.8 2.034c-.784.57-1.838-.197-1.539-1.118l1.07-3.292a1 1 0 00-.364-1.118L2.98 8.72c-.783-.57-.38-1.81.588-1.81h3.461a1 1 0 00.951-.69l1.07-3.292z\"></path>\n  </svg>\n</li>\n      <li>  <svg xmlns=\"http://www.w3.org/2000/svg\" class=\"h-6 sm:h-10 w-6 sm:w-10 fill-yellow-400\" viewBox=\"0 0 20 20\">\n    <path d=\"M9.049 2.927c.3-.921 1.603-.921 1.902 0l1.07 3.292a1 1 0 00.95.69h3.462c.969 0 1.371 1.24.588 1.81l-2.8 2.034a1 1 0 00-.364 1.118l1.07 3.292c.3.921-.755 1.688-1.54 1.118l-2.8-2.034a1 1 0 00-1.175 0l-2.8 2.034c-.784.57-1.838-.197-1.539-1.118l1.07-3.292a1 1 0 00-.364-1.118L2.98 8.72c-.783-.57-.38-1.81.588-1.81h3.461a1 1 0 00.951-.69l1.07-3.292z\"></path>\n  </svg>\n</li>\n  </ul>\n"