// Jest Snapshot v1, https://goo.gl/fbAQLP

exports[`renders the Root element correctly 1`] = `
<h1>
  Hello World
</h1>
`;
