"    <div class=\"flex flex-col gap-4\">\n      <div class=\"flex flex-col bg-white p-4 border-b border-gray-200 rounded-md shadow\">\n      <div class=\"bg-gray-50 pb-2 border-b border-gray-200\">\n    <h3 class=\"text-lg p-2 font-medium text-gray-900\">\n      Pitchers\n    </h3>\n  </div>\n    <div class=\"relative block\">\n      <div class=\"overflow-x-scroll overflow-y-visible pb-1 ml-32\">\n          <table class=\"divide-y divide-gray-200 table-fixed min-w-full\">\n    <thead class=\"bg-gray-100\">\n      <tr>\n          <th class=\"text-left font-medium text-gray-500 bg-gray-100 absolute top-auto left-0 w-32 h-8 px-1 py-2 text-xs uppercase\">\n          </th>\n          <th class=\"text-center font-medium text-gray-500 px-1 py-2 text-xs uppercase\">\n              Role\n          </th>\n          <th class=\"text-right font-medium text-gray-500 px-1 py-2 text-xs uppercase\">\n              T\n          </th>\n          <th class=\"text-right font-medium text-gray-500 px-1 py-2 text-xs uppercase\">\n              G\n          </th>\n          <th class=\"text-right font-medium text-gray-500 px-1 py-2 text-xs uppercase\">\n              GS\n          </th>\n          <th class=\"text-right font-medium text-gray-500 px-1 py-2 text-xs uppercase\">\n              IP\n          </th>\n          <th class=\"text-right font-medium text-gray-500 px-1 py-2 text-xs uppercase\">\n              W\n          </th>\n          <th class=\"text-right font-medium text-gray-500 px-1 py-2 text-xs uppercase\">\n              L\n          </th>\n          <th class=\"text-right font-medium text-gray-500 px-1 py-2 text-xs uppercase\">\n              S\n          </th>\n          <th class=\"text-right font-medium text-gray-500 px-1 py-2 text-xs uppercase\">\n              K\n          </th>\n          <th class=\"text-right font-medium text-gray-500 px-1 py-2 text-xs uppercase\">\n              BB\n          </th>\n          <th class=\"text-right font-medium text-gray-500 px-1 py-2 text-xs uppercase\">\n              R\n          </th>\n          <th class=\"text-right font-medium text-gray-500 px-1 py-2 text-xs uppercase\">\n              ERA\n          </th>\n          <th class=\"text-right font-medium text-gray-500 px-1 py-2 text-xs uppercase\">\n              WHIP\n          </th>\n          <th class=\"text-right font-medium text-gray-500 px-1 py-2 text-xs uppercase\">\n              WAR\n          </th>\n      </tr>\n    </thead>\n    <tbody class=\"bg-white divide-y divide-gray-200\">\n    </tbody>\n  </table>\n      </div>\n    </div>\n  </div>\n      <div class=\"flex flex-col bg-white p-4 border-b border-gray-200 rounded-md shadow overflow-x-scroll\">\n      <div class=\"bg-gray-50 pb-2 border-b border-gray-200\">\n    <h3 class=\"text-lg p-2 font-medium text-gray-900\">\n      Catchers\n    </h3>\n  </div>\n    <div class=\"relative block\">\n      <div class=\"overflow-x-scroll overflow-y-visible pb-1 ml-32\">\n          <table class=\"divide-y divide-gray-200 table-fixed min-w-full\">\n    <thead class=\"bg-gray-100\">\n      <tr>\n          <th class=\"text-left font-medium text-gray-500 bg-gray-100 absolute top-auto left-0 w-32 h-8 px-1 py-2 text-xs uppercase\">\n          </th>\n          <th class=\"text-center font-medium text-gray-500 px-1 py-2 text-xs uppercase\">\n              POS\n          </th>\n          <th class=\"text-right font-medium text-gray-500 px-1 py-2 text-xs uppercase\">\n              B\n          </th>\n          <th class=\"text-right font-medium text-gray-500 px-1 py-2 text-xs uppercase\">\n              G\n          </th>\n          <th class=\"text-right font-medium text-gray-500 px-1 py-2 text-xs uppercase\">\n              AB\n          </th>\n          <th class=\"text-right font-medium text-gray-500 px-1 py-2 text-xs uppercase\">\n              H\n          </th>\n          <th class=\"text-right font-medium text-gray-500 px-1 py-2 text-xs uppercase\">\n              HR\n          </th>\n          <th class=\"text-right font-medium text-gray-500 px-1 py-2 text-xs uppercase\">\n              RBI\n          </th>\n          <th class=\"text-right font-medium text-gray-500 px-1 py-2 text-xs uppercase\">\n              R\n          </th>\n          <th class=\"text-right font-medium text-gray-500 px-1 py-2 text-xs uppercase\">\n              BB\n          </th>\n          <th class=\"text-right font-medium text-gray-500 px-1 py-2 text-xs uppercase\">\n              K\n          </th>\n          <th class=\"text-right font-medium text-gray-500 px-1 py-2 text-xs uppercase\">\n              SB\n          </th>\n          <th class=\"text-right font-medium text-gray-500 px-1 py-2 text-xs uppercase\">\n              AVG\n          </th>\n          <th class=\"text-right font-medium text-gray-500 px-1 py-2 text-xs uppercase\">\n              OBP\n          </th>\n          <th class=\"text-right font-medium text-gray-500 px-1 py-2 text-xs uppercase\">\n              SLG\n          </th>\n          <th class=\"text-right font-medium text-gray-500 px-1 py-2 text-xs uppercase\">\n              WAR\n          </th>\n      </tr>\n    </thead>\n    <tbody class=\"bg-white divide-y divide-gray-200\">\n    </tbody>\n  </table>\n      </div>\n    </div>\n  </div>\n      <div class=\"flex flex-col bg-white p-4 border-b border-gray-200 rounded-md shadow overflow-x-scroll\">\n      <div class=\"bg-gray-50 pb-2 border-b border-gray-200\">\n    <h3 class=\"text-lg p-2 font-medium text-gray-900\">\n      Infielders\n    </h3>\n  </div>\n    <div class=\"relative block\">\n      <div class=\"overflow-x-scroll overflow-y-visible pb-1 ml-32\">\n          <table class=\"divide-y divide-gray-200 table-fixed min-w-full\">\n    <thead class=\"bg-gray-100\">\n      <tr>\n          <th class=\"text-left font-medium text-gray-500 bg-gray-100 absolute top-auto left-0 w-32 h-8 px-1 py-2 text-xs uppercase\">\n          </th>\n          <th class=\"text-center font-medium text-gray-500 px-1 py-2 text-xs uppercase\">\n              POS\n          </th>\n          <th class=\"text-right font-medium text-gray-500 px-1 py-2 text-xs uppercase\">\n              B\n          </th>\n          <th class=\"text-right font-medium text-gray-500 px-1 py-2 text-xs uppercase\">\n              G\n          </th>\n          <th class=\"text-right font-medium text-gray-500 px-1 py-2 text-xs uppercase\">\n              AB\n          </th>\n          <th class=\"text-right font-medium text-gray-500 px-1 py-2 text-xs uppercase\">\n              H\n          </th>\n          <th class=\"text-right font-medium text-gray-500 px-1 py-2 text-xs uppercase\">\n              HR\n          </th>\n          <th class=\"text-right font-medium text-gray-500 px-1 py-2 text-xs uppercase\">\n              RBI\n          </th>\n          <th class=\"text-right font-medium text-gray-500 px-1 py-2 text-xs uppercase\">\n              R\n          </th>\n          <th class=\"text-right font-medium text-gray-500 px-1 py-2 text-xs uppercase\">\n              BB\n          </th>\n          <th class=\"text-right font-medium text-gray-500 px-1 py-2 text-xs uppercase\">\n              K\n          </th>\n          <th class=\"text-right font-medium text-gray-500 px-1 py-2 text-xs uppercase\">\n              SB\n          </th>\n          <th class=\"text-right font-medium text-gray-500 px-1 py-2 text-xs uppercase\">\n              AVG\n          </th>\n          <th class=\"text-right font-medium text-gray-500 px-1 py-2 text-xs uppercase\">\n              OBP\n          </th>\n          <th class=\"text-right font-medium text-gray-500 px-1 py-2 text-xs uppercase\">\n              SLG\n          </th>\n          <th class=\"text-right font-medium text-gray-500 px-1 py-2 text-xs uppercase\">\n              WAR\n          </th>\n      </tr>\n    </thead>\n    <tbody class=\"bg-white divide-y divide-gray-200\">\n    </tbody>\n  </table>\n      </div>\n    </div>\n  </div>\n      <div class=\"flex flex-col bg-white p-4 border-b border-gray-200 rounded-md shadow overflow-x-scroll\">\n      <div class=\"bg-gray-50 pb-2 border-b border-gray-200\">\n    <h3 class=\"text-lg p-2 font-medium text-gray-900\">\n      Outfielders\n    </h3>\n  </div>\n    <div class=\"relative block\">\n      <div class=\"overflow-x-scroll overflow-y-visible pb-1 ml-32\">\n          <table class=\"divide-y divide-gray-200 table-fixed min-w-full\">\n    <thead class=\"bg-gray-100\">\n      <tr>\n          <th class=\"text-left font-medium text-gray-500 bg-gray-100 absolute top-auto left-0 w-32 h-8 px-1 py-2 text-xs uppercase\">\n          </th>\n          <th class=\"text-center font-medium text-gray-500 px-1 py-2 text-xs uppercase\">\n              POS\n          </th>\n          <th class=\"text-right font-medium text-gray-500 px-1 py-2 text-xs uppercase\">\n              B\n          </th>\n          <th class=\"text-right font-medium text-gray-500 px-1 py-2 text-xs uppercase\">\n              G\n          </th>\n          <th class=\"text-right font-medium text-gray-500 px-1 py-2 text-xs uppercase\">\n              AB\n          </th>\n          <th class=\"text-right font-medium text-gray-500 px-1 py-2 text-xs uppercase\">\n              H\n          </th>\n          <th class=\"text-right font-medium text-gray-500 px-1 py-2 text-xs uppercase\">\n              HR\n          </th>\n          <th class=\"text-right font-medium text-gray-500 px-1 py-2 text-xs uppercase\">\n              RBI\n          </th>\n          <th class=\"text-right font-medium text-gray-500 px-1 py-2 text-xs uppercase\">\n              R\n          </th>\n          <th class=\"text-right font-medium text-gray-500 px-1 py-2 text-xs uppercase\">\n              BB\n          </th>\n          <th class=\"text-right font-medium text-gray-500 px-1 py-2 text-xs uppercase\">\n              K\n          </th>\n          <th class=\"text-right font-medium text-gray-500 px-1 py-2 text-xs uppercase\">\n              SB\n          </th>\n          <th class=\"text-right font-medium text-gray-500 px-1 py-2 text-xs uppercase\">\n              AVG\n          </th>\n          <th class=\"text-right font-medium text-gray-500 px-1 py-2 text-xs uppercase\">\n              OBP\n          </th>\n          <th class=\"text-right font-medium text-gray-500 px-1 py-2 text-xs uppercase\">\n              SLG\n          </th>\n          <th class=\"text-right font-medium text-gray-500 px-1 py-2 text-xs uppercase\">\n              WAR\n          </th>\n      </tr>\n    </thead>\n    <tbody class=\"bg-white divide-y divide-gray-200\">\n    </tbody>\n  </table>\n      </div>\n    </div>\n  </div>\n  </div>\n"