"    <div class=\"shadow border-b border-gray-200 rounded-lg\">\n    <div class=\"col-span-2 pb-4 border-b border-gray-200\">\n      <a data-phx-link=\"redirect\" data-phx-link-state=\"push\" href=\"/leagues/major-league-baseball/conferences/american-league\">\n        <h3 class=\"mt-2 ml-2 text-md font-medium text-gray-900\">\n          American League\n        </h3>\n      </a>\n    </div>\n    <div class=\"grid grid-cols-1 gap-4 lg:gap-8\">\n            <div class=\"flex flex-col p-1 lg:p-1 overflow-hidden\">\n      <div>\n      <table class=\"divide-y divide-gray-200 table-fixed min-w-full\">\n    <thead class=\"bg-gray-100\">\n      <tr>\n          <th class=\"w-1/6 text-left font-bold text-gray-900 p-1 md:p-2 text-xs uppercase\">\n              National League East\n          </th>\n          <th class=\"text-right font-medium text-gray-500 p-1 md:p-2 text-xs uppercase\">\n              w\n          </th>\n          <th class=\"text-right font-medium text-gray-500 p-1 md:p-2 text-xs uppercase\">\n              l\n          </th>\n          <th class=\"text-right font-medium text-gray-500 p-1 md:p-2 text-xs uppercase\">\n              pct\n          </th>\n          <th class=\"text-right font-medium text-gray-500 p-1 md:p-2 text-xs uppercase\">\n              gb\n          </th>\n          <th class=\"text-right font-medium text-gray-500 hidden md:table-cell p-1 md:p-2 text-xs uppercase\">\n              strk\n          </th>\n      </tr>\n    </thead>\n    <tbody class=\"bg-white divide-y divide-gray-200\">\n      <tr>\n        <td class=\"w-1/6 p-1 md:p-2 whitespace-nowrap\">\n          <a data-phx-link=\"redirect\" data-phx-link-state=\"push\" href=\"/teams/florida-marlins\">\n    <div class=\"flex text-sm text-left font-medium text-gray-900\">\n      <div class=\"flex-shrink-0 h-4 lg:h-8 h-4 lg:w-8\">\n        <img class=\"h-4 lg:h-8 w-4 lg:w-8 rounded-full mt-1.5 lg:mt-0\" src=\"/images/logos/my_team.png\" alt=\"\">\n      </div>\n      <div class=\"ml-2 mt-1\">\n        <div class=\"lg:hidden\">\n          TT\n        </div>\n        <div class=\"hidden lg:block\">\n          Florida Marlins\n        </div>\n      </div>\n    </div>\n  </a>\n        </td><td class=\"text-sm text-gray-500 text-right p-1 md:p-2 whitespace-nowrap\">\n        3\n        </td><td class=\"text-sm text-gray-500 text-right p-1 md:p-2 whitespace-nowrap\">\n        7\n        </td><td class=\"text-sm text-gray-500 text-right p-1 md:p-2 whitespace-nowrap\">\n        .300\n        </td><td class=\"text-sm text-gray-500 text-right p-1 md:p-2 whitespace-nowrap\">\n        3.0\n        </td><td class=\"text-sm text-gray-500 text-right hidden md:table-cell p-1 md:p-2 whitespace-nowrap\">\n        W3\n        </td>\n      </tr><tr>\n        <td class=\"w-1/6 p-1 md:p-2 whitespace-nowrap\">\n          <a data-phx-link=\"redirect\" data-phx-link-state=\"push\" href=\"/teams/new-york-mets\">\n    <div class=\"flex text-sm text-left font-medium text-gray-900\">\n      <div class=\"flex-shrink-0 h-4 lg:h-8 h-4 lg:w-8\">\n        <img class=\"h-4 lg:h-8 w-4 lg:w-8 rounded-full mt-1.5 lg:mt-0\" src=\"/images/logos/my_team.png\" alt=\"\">\n      </div>\n      <div class=\"ml-2 mt-1\">\n        <div class=\"lg:hidden\">\n          TT\n        </div>\n        <div class=\"hidden lg:block\">\n          New York Mets\n        </div>\n      </div>\n    </div>\n  </a>\n        </td><td class=\"text-sm text-gray-500 text-right p-1 md:p-2 whitespace-nowrap\">\n        7\n        </td><td class=\"text-sm text-gray-500 text-right p-1 md:p-2 whitespace-nowrap\">\n        3\n        </td><td class=\"text-sm text-gray-500 text-right p-1 md:p-2 whitespace-nowrap\">\n        .700\n        </td><td class=\"text-sm text-gray-500 text-right p-1 md:p-2 whitespace-nowrap\">\n        3.0\n        </td><td class=\"text-sm text-gray-500 text-right hidden md:table-cell p-1 md:p-2 whitespace-nowrap\">\n        W3\n        </td>\n      </tr><tr>\n        <td class=\"w-1/6 p-1 md:p-2 whitespace-nowrap\">\n          <a data-phx-link=\"redirect\" data-phx-link-state=\"push\" href=\"/teams/atlanta-braves\">\n    <div class=\"flex text-sm text-left font-medium text-gray-900\">\n      <div class=\"flex-shrink-0 h-4 lg:h-8 h-4 lg:w-8\">\n        <img class=\"h-4 lg:h-8 w-4 lg:w-8 rounded-full mt-1.5 lg:mt-0\" src=\"/images/logos/my_team.png\" alt=\"\">\n      </div>\n      <div class=\"ml-2 mt-1\">\n        <div class=\"lg:hidden\">\n          TT\n        </div>\n        <div class=\"hidden lg:block\">\n          Atlanta Braves\n        </div>\n      </div>\n    </div>\n  </a>\n        </td><td class=\"text-sm text-gray-500 text-right p-1 md:p-2 whitespace-nowrap\">\n        5\n        </td><td class=\"text-sm text-gray-500 text-right p-1 md:p-2 whitespace-nowrap\">\n        5\n        </td><td class=\"text-sm text-gray-500 text-right p-1 md:p-2 whitespace-nowrap\">\n        .500\n        </td><td class=\"text-sm text-gray-500 text-right p-1 md:p-2 whitespace-nowrap\">\n        3.0\n        </td><td class=\"text-sm text-gray-500 text-right hidden md:table-cell p-1 md:p-2 whitespace-nowrap\">\n        W3\n        </td>\n      </tr>\n    </tbody>\n  </table>\n  </div>\n  </div>\n            <div class=\"flex flex-col p-1 lg:p-1 overflow-hidden\">\n      <div>\n      <table class=\"divide-y divide-gray-200 table-fixed min-w-full\">\n    <thead class=\"bg-gray-100\">\n      <tr>\n          <th class=\"w-1/6 text-left font-bold text-gray-900 p-1 md:p-2 text-xs uppercase\">\n              AL East\n          </th>\n          <th class=\"text-right font-medium text-gray-500 p-1 md:p-2 text-xs uppercase\">\n              w\n          </th>\n          <th class=\"text-right font-medium text-gray-500 p-1 md:p-2 text-xs uppercase\">\n              l\n          </th>\n          <th class=\"text-right font-medium text-gray-500 p-1 md:p-2 text-xs uppercase\">\n              pct\n          </th>\n          <th class=\"text-right font-medium text-gray-500 p-1 md:p-2 text-xs uppercase\">\n              gb\n          </th>\n          <th class=\"text-right font-medium text-gray-500 hidden md:table-cell p-1 md:p-2 text-xs uppercase\">\n              strk\n          </th>\n      </tr>\n    </thead>\n    <tbody class=\"bg-white divide-y divide-gray-200\">\n      <tr>\n        <td class=\"w-1/6 p-1 md:p-2 whitespace-nowrap\">\n          <a data-phx-link=\"redirect\" data-phx-link-state=\"push\" href=\"/teams/tampa-bay-rays\">\n    <div class=\"flex text-sm text-left font-medium text-gray-900\">\n      <div class=\"flex-shrink-0 h-4 lg:h-8 h-4 lg:w-8\">\n        <img class=\"h-4 lg:h-8 w-4 lg:w-8 rounded-full mt-1.5 lg:mt-0\" src=\"/images/logos/my_team.png\" alt=\"\">\n      </div>\n      <div class=\"ml-2 mt-1\">\n        <div class=\"lg:hidden\">\n          TT\n        </div>\n        <div class=\"hidden lg:block\">\n          Tampa Bay Rays\n        </div>\n      </div>\n    </div>\n  </a>\n        </td><td class=\"text-sm text-gray-500 text-right p-1 md:p-2 whitespace-nowrap\">\n        8\n        </td><td class=\"text-sm text-gray-500 text-right p-1 md:p-2 whitespace-nowrap\">\n        2\n        </td><td class=\"text-sm text-gray-500 text-right p-1 md:p-2 whitespace-nowrap\">\n        .800\n        </td><td class=\"text-sm text-gray-500 text-right p-1 md:p-2 whitespace-nowrap\">\n        3.0\n        </td><td class=\"text-sm text-gray-500 text-right hidden md:table-cell p-1 md:p-2 whitespace-nowrap\">\n        W3\n        </td>\n      </tr><tr>\n        <td class=\"w-1/6 p-1 md:p-2 whitespace-nowrap\">\n          <a data-phx-link=\"redirect\" data-phx-link-state=\"push\" href=\"/teams/new-york-yankees\">\n    <div class=\"flex text-sm text-left font-medium text-gray-900\">\n      <div class=\"flex-shrink-0 h-4 lg:h-8 h-4 lg:w-8\">\n        <img class=\"h-4 lg:h-8 w-4 lg:w-8 rounded-full mt-1.5 lg:mt-0\" src=\"/images/logos/my_team.png\" alt=\"\">\n      </div>\n      <div class=\"ml-2 mt-1\">\n        <div class=\"lg:hidden\">\n          TT\n        </div>\n        <div class=\"hidden lg:block\">\n          New York Yankees\n        </div>\n      </div>\n    </div>\n  </a>\n        </td><td class=\"text-sm text-gray-500 text-right p-1 md:p-2 whitespace-nowrap\">\n        7\n        </td><td class=\"text-sm text-gray-500 text-right p-1 md:p-2 whitespace-nowrap\">\n        3\n        </td><td class=\"text-sm text-gray-500 text-right p-1 md:p-2 whitespace-nowrap\">\n        .700\n        </td><td class=\"text-sm text-gray-500 text-right p-1 md:p-2 whitespace-nowrap\">\n        3.0\n        </td><td class=\"text-sm text-gray-500 text-right hidden md:table-cell p-1 md:p-2 whitespace-nowrap\">\n        W3\n        </td>\n      </tr><tr>\n        <td class=\"w-1/6 p-1 md:p-2 whitespace-nowrap\">\n          <a data-phx-link=\"redirect\" data-phx-link-state=\"push\" href=\"/teams/boston-red-sox\">\n    <div class=\"flex text-sm text-left font-medium text-gray-900\">\n      <div class=\"flex-shrink-0 h-4 lg:h-8 h-4 lg:w-8\">\n        <img class=\"h-4 lg:h-8 w-4 lg:w-8 rounded-full mt-1.5 lg:mt-0\" src=\"/images/logos/my_team.png\" alt=\"\">\n      </div>\n      <div class=\"ml-2 mt-1\">\n        <div class=\"lg:hidden\">\n          TT\n        </div>\n        <div class=\"hidden lg:block\">\n          Boston Red Sox\n        </div>\n      </div>\n    </div>\n  </a>\n        </td><td class=\"text-sm text-gray-500 text-right p-1 md:p-2 whitespace-nowrap\">\n        5\n        </td><td class=\"text-sm text-gray-500 text-right p-1 md:p-2 whitespace-nowrap\">\n        5\n        </td><td class=\"text-sm text-gray-500 text-right p-1 md:p-2 whitespace-nowrap\">\n        .500\n        </td><td class=\"text-sm text-gray-500 text-right p-1 md:p-2 whitespace-nowrap\">\n        3.0\n        </td><td class=\"text-sm text-gray-500 text-right hidden md:table-cell p-1 md:p-2 whitespace-nowrap\">\n        W3\n        </td>\n      </tr>\n    </tbody>\n  </table>\n  </div>\n  </div>\n    </div>\n  </div>\n"