"    <table class=\"divide-y divide-gray-200 table-fixed overflow-hidden min-w-full\">\n    <thead class=\"bg-gray-50\">\n      <tr>\n          <th class=\"text-right font-medium text-gray-500\">\n              Wins\n          </th>\n          <th class=\"text-right font-medium text-gray-500\">\n              Losses\n          </th>\n          <th class=\"text-right font-medium text-gray-500\">\n              GB\n          </th>\n      </tr>\n    </thead>\n    <tbody class=\"bg-white divide-y divide-gray-200\">\n      <tr>\n        <td>\n      10\n        </td><td>\n      2\n        </td><td>\n      0\n        </td>\n      </tr><tr>\n        <td>\n      8\n        </td><td>\n      4\n        </td><td>\n      2\n        </td>\n      </tr><tr>\n        <td>\n      3\n        </td><td>\n      7\n        </td><td>\n      7\n        </td>\n      </tr>\n    </tbody>\n  </table>\n"